00:45:57:044 [360216] | INFO  | Initializing crosire's ReShade version '6.8.0.2155' (64-bit) loaded from 'C:\Program Files (x86)\Steam\steamapps\common\Batman Arkham Knight\Binaries\Win64\DXGI.dll' into 'C:\Program Files (x86)\Steam\steamapps\common\Batman Arkham Knight\Binaries\Win64\BatmanAK.exe' (0x4A2297E4) ...
00:45:57:116 [360216] | INFO  | Registering hooks for 'user32.dll' ...
00:45:57:116 [360216] | INFO  | > Libraries loaded.
00:45:57:117 [360216] | INFO  | > Found 21 match(es). Installing ...
00:45:57:178 [360216] | INFO  | Registering hooks for 'C:\WINDOWS\system32\dinput.dll' ...
00:45:57:181 [360216] | INFO  | > Delayed.
00:45:57:181 [360216] | INFO  | Registering hooks for 'C:\WINDOWS\system32\dinput8.dll' ...
00:45:57:181 [360216] | INFO  | > Libraries loaded.
00:45:57:181 [360216] | INFO  | > Found 2 match(es). Installing ...
00:45:57:240 [360216] | INFO  | Registering hooks for 'C:\WINDOWS\system32\d2d1.dll' ...
00:45:57:240 [360216] | INFO  | > Delayed.
00:45:57:240 [360216] | INFO  | Registering hooks for 'C:\WINDOWS\system32\d3d9.dll' ...
00:45:57:240 [360216] | INFO  | > Libraries loaded.
00:45:57:240 [360216] | INFO  | > Found 11 match(es). Installing ...
00:45:57:297 [360216] | INFO  | Registering hooks for 'C:\WINDOWS\system32\d3d10.dll' ...
00:45:57:298 [360216] | INFO  | > Delayed.
00:45:57:299 [360216] | INFO  | Registering hooks for 'C:\WINDOWS\system32\d3d10_1.dll' ...
00:45:57:299 [360216] | INFO  | > Delayed.
00:45:57:300 [360216] | INFO  | Registering hooks for 'C:\WINDOWS\system32\d3d11.dll' ...
00:45:57:300 [360216] | INFO  | > Delayed.
00:45:57:300 [360216] | INFO  | Registering hooks for 'C:\WINDOWS\system32\d3d12.dll' ...
00:45:57:300 [360216] | INFO  | > Delayed.
00:45:57:300 [360216] | INFO  | Registering hooks for 'C:\WINDOWS\system32\dxgi.dll' ...
00:45:57:300 [360216] | INFO  | > Delayed until first call to an exported function.
00:45:57:301 [360216] | INFO  | Registering hooks for 'openvr_api.dll' ...
00:45:57:301 [360216] | INFO  | > Delayed.
00:45:57:301 [360216] | INFO  | Initialized.
00:45:57:301 [360216] | INFO  | Redirecting CreateDXGIFactory1(riid = {770AAE78-F26F-4DBA-A829-253C83D1B387}, ppFactory = 000000000057E9F0) ...
00:45:57:301 [360216] | INFO  | Installing export hooks for 'C:\WINDOWS\system32\dxgi.dll' ...
00:45:57:304 [360216] | INFO  | > Found 5 match(es). Installing ...
00:45:57:700 [360216] | INFO  | Redirecting CreateDXGIFactory1(riid = {7B7166EC-21C7-44AE-B21A-C9AE321AE369}, ppFactory = 000000000057DF38) ...
00:45:57:773 [358648] | WARN  | Ignoring LoadLibrary('api-ms-win-appmodel-runtime-l1-1-2') call to avoid possible deadlock.
00:45:57:774 [360216] | WARN  | Ignoring LoadLibrary('cryptnet.dll') call to avoid possible deadlock.
00:45:57:775 [360216] | WARN  | Ignoring LoadLibrary('drvstore.dll') call to avoid possible deadlock.
00:45:57:776 [358480] | WARN  | Ignoring LoadLibrary('cryptnet.dll') call to avoid possible deadlock.
00:45:57:776 [360216] | WARN  | Ignoring LoadLibrary('gdi32.dll') call to avoid possible deadlock.
00:45:57:778 [360216] | WARN  | Ignoring LoadLibrary('kernel32.dll') call to avoid possible deadlock.
00:45:57:781 [358480] | WARN  | Ignoring LoadLibrary('wintrust.dll') call to avoid possible deadlock.
00:45:57:821 [356300] | WARN  | Ignoring LoadLibrary('api-ms-win-appmodel-runtime-l1-1-2') call to avoid possible deadlock.
00:45:57:824 [360216] | INFO  | Redirecting CreateDXGIFactory1(riid = {7B7166EC-21C7-44AE-B21A-C9AE321AE369}, ppFactory = 000000000057F448) ...
00:45:57:939 [360216] | INFO  | Redirecting RegisterClassExW(lpWndClassEx = 000000000057F250 { "LaunchUnrealUWindowsClient", style = 0x20 }) ...
00:45:58:050 [357088] | INFO  | Redirecting RegisterClassW(lpWndClass = 000000001E23FC20 { "SplashScreenClass", style = 0x3 }) ...
00:45:58:050 [357088] | INFO  | > Adding 'CS_OWNDC' window class style flag to "SplashScreenClass".
00:46:02:847 [360216] | INFO  | Redirecting DirectInput8Create(hinst = 00007FF726560000, dwVersion = 800, riidltf = {BF798031-483A-4DA2-AA99-5D64ED369700}, ppvOut = 00007FF72A056DC8, pUnkOuter = 0000000000000000) ...
00:46:02:926 [360216] | INFO  | Redirecting IDirectInput8W::CreateDevice(this = 0000000019F0ADF0, rguid = {6F1D2B60-D5A0-11CF-BFC7-444553540000}, lplpDirectInputDevice = 00007FF72A056DC0, pUnkOuter = 0000000000000000) ...
00:46:04:013 [360216] | INFO  | Installing delayed hooks for 'C:\WINDOWS\system32\d3d11.dll' (Just loaded via LoadLibrary('d3d11.dll')) ...
00:46:04:013 [360216] | INFO  | > Found 3 match(es). Installing ...
00:46:04:104 [360216] | INFO  | Redirecting D3D11CreateDevice(pAdapter = 0000000019E53D10, DriverType = 0, Software = 0000000000000000, Flags = 0, pFeatureLevels = 00000000054851AC, FeatureLevels = 1, SDKVersion = 7, ppDevice = 00000000054850EC, pFeatureLevel = 000000000057C858, ppImmediateContext = 0000000069E84430) ...
00:46:04:104 [360216] | INFO  | > Passing on to D3D11CreateDeviceAndSwapChain:
00:46:04:104 [360216] | INFO  | Redirecting D3D11CreateDeviceAndSwapChain(pAdapter = 0000000019E53D10, DriverType = 0, Software = 0000000000000000, Flags = 0, pFeatureLevels = 00000000054851AC, FeatureLevels = 1, SDKVersion = 7, pSwapChainDesc = 0000000000000000, ppSwapChain = 0000000000000000, ppDevice = 00000000054850EC, pFeatureLevel = 000000000057C858, ppImmediateContext = 0000000069E84430) ...
00:46:04:104 [360216] | INFO  | Searching for add-ons (*.addon, *.addon64) in 'C:\Program Files (x86)\Steam\steamapps\common\Batman Arkham Knight\Binaries\Win64' ...
00:46:04:105 [360216] | INFO  | Loading add-on from 'C:\Program Files (x86)\Steam\steamapps\common\Batman Arkham Knight\Binaries\Win64\standalone-dlssnr.addon64' ...
00:46:04:109 [360216] | INFO  | Registered add-on "Standalone DLSS-NR + SR 2.0.5-explicit-pacing-prototype" v0.0.0.0 using ReShade API version 20.
00:46:04:111 [360216] | INFO  | [Standalone DLSS-NR + SR 2.0.5-explicit-pacing-prototype] Standalone DLSS-NR + SR 2.0.5-explicit-pacing-prototype attached; requested profile=Auto DLSS_render_preset=K model=3 style=2 NR=enabled async_compute=requested NR-mask=disabled strength=1.00 VORT=disabled early_proxy=disabled auto_presentation=enabled windowed_virtualization=disabled logical_client=disabled input_coordinates=native-client detached_output=disabled detached_cursor=visible opaque_composition=disabled presenter=asynchronous telemetry=enabled
00:46:04:113 [360216] | INFO  | Installing delayed hooks for 'C:\WINDOWS\system32\d3d12.dll' (Just loaded via LoadLibrary('C:\Program Files (x86)\Steam\steamapps\common\Batman Arkham Knight\Binaries\Win64\standalone-dlssnr.addon64')) ...
00:46:04:114 [360216] | INFO  | > Found 8 match(es). Installing ...
00:46:04:372 [360216] | WARN  | Ignoring LoadLibrary('msasn1.dll') call to avoid possible deadlock.
00:46:04:836 [360216] | INFO  | Redirecting CreateDXGIFactory1(riid = {770AAE78-F26F-4DBA-A829-253C83D1B387}, ppFactory = 00000000005794F8) ...
00:46:04:869 [360216] | INFO  | Using feature level b000.
00:46:06:501 [360216] | INFO  | Redirecting IDXGIFactory::CreateSwapChain(this = 0000000019DE8020, pDevice = 000000007E7ADE30, pDesc = 000000000057CBC0, ppSwapChain = 0000000069E844A8) ...
00:46:06:502 [360216] | INFO  | > Dumping swap chain description:
00:46:06:502 [360216] | INFO  |   +-----------------------------------------+-----------------------------------------+
00:46:06:502 [360216] | INFO  |   | Parameter                               | Value                                   |
00:46:06:502 [360216] | INFO  |   +-----------------------------------------+-----------------------------------------+
00:46:06:503 [360216] | INFO  |   | Width                                   | 2560                                    |
00:46:06:503 [360216] | INFO  |   | Height                                  | 1440                                    |
00:46:06:503 [360216] | INFO  |   | RefreshRate                             | 0                   0                   |
00:46:06:503 [360216] | INFO  |   | Format                                  | DXGI_FORMAT_R8G8B8A8_UNORM              |
00:46:06:504 [360216] | INFO  |   | ScanlineOrdering                        | 0                                       |
00:46:06:504 [360216] | INFO  |   | Scaling                                 | 0                                       |
00:46:06:504 [360216] | INFO  |   | SampleCount                             | 1                                       |
00:46:06:504 [360216] | INFO  |   | SampleQuality                           | 0                                       |
00:46:06:504 [360216] | INFO  |   | BufferUsage                             | 0x430                                   |
00:46:06:504 [360216] | INFO  |   | BufferCount                             | 1                                       |
00:46:06:504 [360216] | INFO  |   | OutputWindow                            | 00000000011F091C                        |
00:46:06:505 [360216] | INFO  |   | Windowed                                | TRUE                                    |
00:46:06:505 [360216] | INFO  |   | SwapEffect                              | 0                                       |
00:46:06:505 [360216] | INFO  |   | Flags                                   | 0x2                                     |
00:46:06:505 [360216] | INFO  |   +-----------------------------------------+-----------------------------------------+
00:46:06:509 [360216] | INFO  | Running on NVIDIA GeForce RTX 4080 Driver 616.56.
00:46:06:703 [360216] | INFO  | [Standalone DLSS-NR + SR 2.0.5-explicit-pacing-prototype] color profile resolved at init_swapchain: requested=Auto swapchain=sRGB nonlinear / BT.709 fmt=28 active=sRGB
00:46:06:703 [360216] | INFO  | [Standalone DLSS-NR + SR 2.0.5-explicit-pacing-prototype] adopted primary swapchain: render=2560x1440 client=1914x1040 monitor=3840x2160 hwnd=00000000011F091C mode=reduced borderless/windowed
00:46:06:703 [360216] | INFO  | [Standalone DLSS-NR + SR 2.0.5-explicit-pacing-prototype] non-invasive automatic presenter selected: render=2560x1440 client=1914x1040 output=3840x2160 api=45056 host=detached game_window=untouched client_match=DPI-scaled/aspect
00:46:06:705 [360216] | INFO  | [Standalone DLSS-NR + SR 2.0.5-explicit-pacing-prototype] current-frame guide handles: VORT=MISSING feed=MISSING mv=MISSING depth=MISSING sr_mask=optional/missing nr_mask=optional/missing strength=optional/missing depth_reversed=1
00:46:06:705 [360216] | INFO  | [Standalone DLSS-NR + SR 2.0.5-explicit-pacing-prototype] same-frame optical-flow path unavailable; internal zero-motion fallback will be used
00:46:06:705 [360216] | INFO  | Recreated runtime environment on runtime 00000001909950A0 ('C:\Program Files (x86)\Steam\steamapps\common\Batman Arkham Knight\Binaries\Win64\ReShade.ini').
00:46:06:734 [361932] | INFO  | Redirecting ID3D11Device::CreateDeferredContext(this = 000000007E7ADE30, ContextFlags = 0, ppDeferredContext = 0000000069E87130) ...
00:46:06:746 [361936] | INFO  | Redirecting ID3D11Device::CreateDeferredContext(this = 000000007E7ADE30, ContextFlags = 0, ppDeferredContext = 0000000069E87F70) ...
00:46:06:756 [361940] | INFO  | Redirecting ID3D11Device::CreateDeferredContext(this = 000000007E7ADE30, ContextFlags = 0, ppDeferredContext = 0000000069E87A70) ...
00:46:06:766 [361944] | INFO  | Redirecting ID3D11Device::CreateDeferredContext(this = 000000007E7ADE30, ContextFlags = 0, ppDeferredContext = 0000000069E877F0) ...
00:46:06:776 [361948] | INFO  | Redirecting ID3D11Device::CreateDeferredContext(this = 000000007E7ADE30, ContextFlags = 0, ppDeferredContext = 0000000069E873B0) ...
00:46:06:970 [361928] | INFO  | Redirecting D3D12CreateDevice(pAdapter = 0000000019F70410, MinimumFeatureLevel = b000, riid = {189819F1-1DB6-4B57-BE54-1821339B85F7}, ppDevice = 00000000365CEF88) ...
00:46:06:973 [361928] | INFO  | Redirecting CreateDXGIFactory2(Flags = 0x80000000, riid = {1BC6EA02-EF36-464F-BF0C-21CA39E5168A}, ppFactory = 00000000365CE8F8) ...
00:46:07:033 [361928] | INFO  | Redirecting CreateDXGIFactory1(riid = {770AAE78-F26F-4DBA-A829-253C83D1B387}, ppFactory = 00000000365CCB28) ...
00:46:07:084 [361928] | INFO  | Redirecting ID3D12Device::CreateCommandQueue(this = 0000000192EAFC40, pDesc = 00000000365CEFA8, riid = {0EC870A6-5D7E-4C22-8CFC-5BAAE07616ED}, ppCommandQueue = 00007FFA6DA0ADC8) ...
00:46:07:084 [361928] | INFO  | > Dumping command queue description:
00:46:07:084 [361928] | INFO  |   +-----------------------------------------+-----------------------------------------+
00:46:07:085 [361928] | INFO  |   | Parameter                               | Value                                   |
00:46:07:085 [361928] | INFO  |   +-----------------------------------------+-----------------------------------------+
00:46:07:085 [361928] | INFO  |   | Type                                    | 0                                       |
00:46:07:086 [361928] | INFO  |   | Priority                                | 0                                       |
00:46:07:086 [361928] | INFO  |   | Flags                                   | 0                                       |
00:46:07:086 [361928] | INFO  |   | NodeMask                                | 0                                       |
00:46:07:086 [361928] | INFO  |   +-----------------------------------------+-----------------------------------------+
00:46:07:119 [361928] | INFO  | [Standalone DLSS-NR + SR 2.0.5-explicit-pacing-prototype] observed D3D12 graphics queue: reshade=000000007EECCAA8 native=00000001DA909740
00:46:07:120 [361928] | INFO  | [Standalone DLSS-NR + SR 2.0.5-explicit-pacing-prototype] legacy interop session ready: api=D3D11 D3D11=000000001A16EB10 D3D12 queue=000000007EECCAA0 shared fence=000000007EF8F9C0
00:46:07:120 [361928] | INFO  | [Standalone DLSS-NR + SR 2.0.5-explicit-pacing-prototype] presentation contract candidate: 2560x1440 -> 3840x2160 fmt=28; waiting for stability
00:46:07:120 [361928] | INFO  | [Standalone DLSS-NR + SR 2.0.5-explicit-pacing-prototype] current-frame guide handles: VORT=MISSING feed=MISSING mv=MISSING depth=MISSING sr_mask=optional/missing nr_mask=optional/missing strength=optional/missing depth_reversed=1
00:46:07:121 [361928] | INFO  | [Standalone DLSS-NR + SR 2.0.5-explicit-pacing-prototype] same-frame optical-flow path unavailable; internal zero-motion fallback will be used
00:46:07:139 [362184] | INFO  | Successfully compiled 'C:\Program Files (x86)\Steam\steamapps\common\Batman Arkham Knight\Binaries\Win64\reshade-shaders\Shaders\DLSS5_AIO_Feed.fx' in 0.015000 s.
00:46:08:070 [361928] | INFO  | Redirecting ID3D12Device::CreateCommandQueue(this = 0000000192EAFC40, pDesc = 00000000365CEF80, riid = {0EC870A6-5D7E-4C22-8CFC-5BAAE07616ED}, ppCommandQueue = 00007FFA6DA0A790) ...
00:46:08:070 [361928] | INFO  | > Dumping command queue description:
00:46:08:070 [361928] | INFO  |   +-----------------------------------------+-----------------------------------------+
00:46:08:070 [361928] | INFO  |   | Parameter                               | Value                                   |
00:46:08:070 [361928] | INFO  |   +-----------------------------------------+-----------------------------------------+
00:46:08:070 [361928] | INFO  |   | Type                                    | 2                                       |
00:46:08:070 [361928] | INFO  |   | Priority                                | 0                                       |
00:46:08:070 [361928] | INFO  |   | Flags                                   | 0                                       |
00:46:08:071 [361928] | INFO  |   | NodeMask                                | 0                                       |
00:46:08:071 [361928] | INFO  |   +-----------------------------------------+-----------------------------------------+
00:46:08:087 [361928] | INFO  | [Standalone DLSS-NR + SR 2.0.5-explicit-pacing-prototype] asynchronous NGX queue ready: graphics=000000007EECCAA0 compute=00000001768607E0
00:46:08:090 [361928] | INFO  | [Standalone DLSS-NR + SR 2.0.5-explicit-pacing-prototype] performance telemetry ready: asynchronous D3D12 timestamps at 1000000000 Hz
00:46:08:091 [361928] | INFO  | [Standalone DLSS-NR + SR 2.0.5-explicit-pacing-prototype] legacy D3D12->D3D11 texture failed: 0x80070057; trying D3D11->D3D12
00:46:08:093 [361928] | INFO  | [Standalone DLSS-NR + SR 2.0.5-explicit-pacing-prototype] legacy shared texture using D3D11->D3D12 fallback: 2560x1440 fmt=28
00:46:08:094 [361928] | INFO  | [Standalone DLSS-NR + SR 2.0.5-explicit-pacing-prototype] legacy D3D12->D3D11 texture failed: 0x80070057; trying D3D11->D3D12
00:46:08:095 [361928] | INFO  | [Standalone DLSS-NR + SR 2.0.5-explicit-pacing-prototype] legacy shared texture using D3D11->D3D12 fallback: 2560x1440 fmt=28
00:46:08:096 [361928] | INFO  | [Standalone DLSS-NR + SR 2.0.5-explicit-pacing-prototype] legacy D3D12->D3D11 texture failed: 0x80070057; trying D3D11->D3D12
00:46:08:097 [361928] | INFO  | [Standalone DLSS-NR + SR 2.0.5-explicit-pacing-prototype] legacy shared texture using D3D11->D3D12 fallback: 2560x1440 fmt=28
00:46:08:098 [361928] | INFO  | [Standalone DLSS-NR + SR 2.0.5-explicit-pacing-prototype] legacy D3D12->D3D11 texture failed: 0x80070057; trying D3D11->D3D12
00:46:08:099 [361928] | INFO  | [Standalone DLSS-NR + SR 2.0.5-explicit-pacing-prototype] legacy shared texture using D3D11->D3D12 fallback: 2560x1440 fmt=28
00:46:08:100 [361928] | INFO  | [Standalone DLSS-NR + SR 2.0.5-explicit-pacing-prototype] legacy D3D12->D3D11 texture failed: 0x80070057; trying D3D11->D3D12
00:46:08:101 [361928] | INFO  | [Standalone DLSS-NR + SR 2.0.5-explicit-pacing-prototype] legacy shared texture using D3D11->D3D12 fallback: 2560x1440 fmt=34
00:46:08:101 [361928] | INFO  | [Standalone DLSS-NR + SR 2.0.5-explicit-pacing-prototype] legacy D3D12->D3D11 texture failed: 0x80070057; trying D3D11->D3D12
00:46:08:103 [361928] | INFO  | [Standalone DLSS-NR + SR 2.0.5-explicit-pacing-prototype] legacy shared texture using D3D11->D3D12 fallback: 2560x1440 fmt=41
00:46:08:104 [361928] | INFO  | [Standalone DLSS-NR + SR 2.0.5-explicit-pacing-prototype] legacy D3D12->D3D11 texture failed: 0x80070057; trying D3D11->D3D12
00:46:08:105 [361928] | INFO  | [Standalone DLSS-NR + SR 2.0.5-explicit-pacing-prototype] legacy shared texture using D3D11->D3D12 fallback: 2560x1440 fmt=61
00:46:08:105 [361928] | INFO  | [Standalone DLSS-NR + SR 2.0.5-explicit-pacing-prototype] legacy D3D12->D3D11 texture failed: 0x80070057; trying D3D11->D3D12
00:46:08:106 [361928] | INFO  | [Standalone DLSS-NR + SR 2.0.5-explicit-pacing-prototype] legacy shared texture using D3D11->D3D12 fallback: 2560x1440 fmt=61
00:46:08:106 [361928] | INFO  | [Standalone DLSS-NR + SR 2.0.5-explicit-pacing-prototype] legacy shared frame resources ready: api=D3D11 2560x1440 fmt=28
00:46:08:116 [361928] | INFO  | [Standalone DLSS-NR + SR 2.0.5-explicit-pacing-prototype] async fallback guides initialized once on graphics queue
00:46:08:117 [361928] | INFO  | [Standalone DLSS-NR + SR 2.0.5-explicit-pacing-prototype] runtime set candidate: C:\Program Files (x86)\Steam\steamapps\common\Batman Arkham Knight\Binaries\Win64\ [NR=yes SR=yes FG=yes bridge=yes]
00:46:08:117 [361928] | INFO  | [Standalone DLSS-NR + SR 2.0.5-explicit-pacing-prototype] selected coherent standalone runtime set: C:\Program Files (x86)\Steam\steamapps\common\Batman Arkham Knight\Binaries\Win64\
00:46:08:117 [361928] | INFO  | [Standalone DLSS-NR + SR 2.0.5-explicit-pacing-prototype] runtime dependency: C:\Program Files (x86)\Steam\steamapps\common\Batman Arkham Knight\Binaries\Win64\nvngx_dlssnr.dll (165830144 bytes)
00:46:08:118 [361928] | INFO  | [Standalone DLSS-NR + SR 2.0.5-explicit-pacing-prototype] runtime dependency: C:\Program Files (x86)\Steam\steamapps\common\Batman Arkham Knight\Binaries\Win64\nvngx_dlss.dll (58956400 bytes)
00:46:08:118 [361928] | INFO  | [Standalone DLSS-NR + SR 2.0.5-explicit-pacing-prototype] runtime dependency: C:\Program Files (x86)\Steam\steamapps\common\Batman Arkham Knight\Binaries\Win64\nvngx.dll (10240 bytes)
00:46:08:118 [361928] | INFO  | [Standalone DLSS-NR + SR 2.0.5-explicit-pacing-prototype] runtime dependency: C:\Program Files (x86)\Steam\steamapps\common\Batman Arkham Knight\Binaries\Win64\nvngx_dlssg.dll (7519856 bytes)
00:46:08:144 [361928] | INFO  | [Standalone DLSS-NR + SR 2.0.5-explicit-pacing-prototype] NGX core: LoadLibraryExW(C:\WINDOWS\system32\DriverStore\FileRepository\nvmdi.inf_amd64_2a2ad8a2999ce85b\_nvngx.dll) -> 00007FFA01610000 error=0
00:46:09:103 [361928] | INFO  | Redirecting CreateDXGIFactory1(riid = {7B7166EC-21C7-44AE-B21A-C9AE321AE369}, ppFactory = 00000000365CD490) ...
00:46:09:372 [361928] | WARN  | Ignoring LoadLibrary('msasn1.dll') call to avoid possible deadlock.
00:46:09:373 [362840] | WARN  | Ignoring LoadLibrary('cryptnet.dll') call to avoid possible deadlock.
00:46:09:374 [361928] | WARN  | Ignoring LoadLibrary('wldp.dll') call to avoid possible deadlock.
00:46:09:375 [361928] | WARN  | Ignoring LoadLibrary('drvstore.dll') call to avoid possible deadlock.
00:46:09:376 [361928] | WARN  | Ignoring LoadLibrary('devobj.dll') call to avoid possible deadlock.
00:46:09:376 [361928] | WARN  | Ignoring LoadLibrary('nvapi64.dll') call to avoid possible deadlock.
00:46:09:509 [361928] | INFO  | [Standalone DLSS-NR + SR 2.0.5-explicit-pacing-prototype] driver-core Init(app=0x876232C) = 0x00000001 (Success)
00:46:09:645 [361928] | INFO  | [Standalone DLSS-NR + SR 2.0.5-explicit-pacing-prototype] NR snippet Init_Ext = 0x00000001 (Success)
00:46:09:647 [361928] | INFO  | [Standalone DLSS-NR + SR 2.0.5-explicit-pacing-prototype] DLSS SR snippet Init_Ext = 0x00000001 (Success)
00:46:09:648 [361928] | INFO  | [Standalone DLSS-NR + SR 2.0.5-explicit-pacing-prototype] DLSS-G snippet Init_Ext = 0x00000001 (Success)
00:46:09:648 [361928] | INFO  | [Standalone DLSS-NR + SR 2.0.5-explicit-pacing-prototype] driver-core GetCapabilityParameters = 0x00000001 (Success), ptr=000000100F5D6FF0
00:46:09:649 [361928] | INFO  | [Standalone DLSS-NR + SR 2.0.5-explicit-pacing-prototype] NR PopulateParameters_Impl = 0x00000001 (Success)
00:46:09:649 [361928] | INFO  | [Standalone DLSS-NR + SR 2.0.5-explicit-pacing-prototype] NR scaling callback get=0x00000001 ptr=00007FF990C22E80
00:46:09:649 [361928] | INFO  | [Standalone DLSS-NR + SR 2.0.5-explicit-pacing-prototype] NR creation PopulateParameters_Impl = 0x00000001 (Success)
00:46:09:650 [361928] | INFO  | [Standalone DLSS-NR + SR 2.0.5-explicit-pacing-prototype] NR provider scaling ratio result=0x00000001 (Success), resolved=1.000000
00:46:10:159 [361928] | INFO  | [Standalone DLSS-NR + SR 2.0.5-explicit-pacing-prototype] CreateFeature(feature=18) = 0x00000001 (Success), handle=000000100D015270
00:46:10:262 [361928] | INFO  | [Standalone DLSS-NR + SR 2.0.5-explicit-pacing-prototype] CreateFeature(feature=SuperSampling) = 0x00000001 (Success), handle=000000100D319350 mode=DLSS SR quality=2 (Quality) render_preset=K(11)
00:46:10:262 [361928] | INFO  | [Standalone DLSS-NR + SR 2.0.5-explicit-pacing-prototype] DLSS-G PopulateParameters_Impl = 0x00000001 (Success)
00:46:10:334 [361928] | INFO  | [Standalone DLSS-NR + SR 2.0.5-explicit-pacing-prototype] CreateFeature(feature=FrameGeneration) = 0x00000001 (Success), handle=000000100FC99960
00:46:10:335 [361928] | INFO  | [Standalone DLSS-NR + SR 2.0.5-explicit-pacing-prototype] standalone contract ready: NR=feature 18 active at 2560x1440, DLSS SR (Quality preset K) -> 3840x2160, DLSS-G=ready, model=3 style=2, profile=sRGB
00:46:10:335 [361928] | INFO  | [Standalone DLSS-NR + SR 2.0.5-explicit-pacing-prototype] resources ready on present: compact packed/NR=2560x1440, DLSS SR=3840x2160, input fmt=28 result fmt=28; fallback guides=2560x1440; buffered pipeline slots=3
00:46:10:335 [361928] | INFO  | [Standalone DLSS-NR + SR 2.0.5-explicit-pacing-prototype] resolution configuration active without restart: input=2560x1440 output=3840x2160 mode=DLSS SR
00:46:10:372 [361928] | INFO  | [Standalone DLSS-NR + SR 2.0.5-explicit-pacing-prototype] on-present frame 1: NR=Success, DLSS SR=Success, model=3, NR-reset=1, NR-guides=fallback, NR-control-mask=none strength=1.00, SR-history=temporal/VORT, DLSS history mask=none, input=2560x1440, output=3840x2160
00:46:10:372 [361928] | INFO  | [Standalone DLSS-NR + SR 2.0.5-explicit-pacing-prototype] proxy target monitor: device=\\.\DISPLAY10 desktop=3840x2160 refresh=120Hz position=(0,0)-(3840,2160) primary=yes
00:46:10:375 [362944] | INFO  | [Standalone DLSS-NR + SR 2.0.5-explicit-pacing-prototype] proxy mouse routing ready: gameplay window forwarding; ReShade native-input bypass
00:46:10:375 [361928] | INFO  | [Standalone DLSS-NR + SR 2.0.5-explicit-pacing-prototype] detached compositor initialization: mode=Present fallback source=3840x2160 source_format=28 present_format=28 queue=000000007EECCAA0 game_window=00000000011F091C target_window=00000000011F091C
00:46:10:375 [361928] | INFO  | Redirecting CreateDXGIFactory1(riid = {1BC6EA02-EF36-464F-BF0C-21CA39E5168A}, ppFactory = 00000000365CEA00) ...
00:46:10:376 [361928] | INFO  | Redirecting IDXGIFactory2::CreateSwapChainForComposition(this = 0000001010040030, pDevice = 000000007EECCAA0, pDesc = 00000000365CEAC8, pRestrictToOutput = 0000000000000000, ppSwapChain = ) ...
00:46:10:377 [361928] | INFO  | > Dumping swap chain description:
00:46:10:377 [361928] | INFO  |   +-----------------------------------------+-----------------------------------------+
00:46:10:377 [361928] | INFO  |   | Parameter                               | Value                                   |
00:46:10:377 [361928] | INFO  |   +-----------------------------------------+-----------------------------------------+
00:46:10:377 [361928] | INFO  |   | Width                                   | 3840                                    |
00:46:10:377 [361928] | INFO  |   | Height                                  | 2160                                    |
00:46:10:377 [361928] | INFO  |   | Format                                  | DXGI_FORMAT_R8G8B8A8_UNORM              |
00:46:10:377 [361928] | INFO  |   | Stereo                                  | FALSE                                   |
00:46:10:377 [361928] | INFO  |   | SampleCount                             | 1                                       |
00:46:10:378 [361928] | INFO  |   | SampleQuality                           | 0                                       |
00:46:10:378 [361928] | INFO  |   | BufferUsage                             | 0x20                                    |
00:46:10:378 [361928] | INFO  |   | BufferCount                             | 3                                       |
00:46:10:378 [361928] | INFO  |   | SwapEffect                              | 3                                       |
00:46:10:378 [361928] | INFO  |   | AlphaMode                               | 1                                       |
00:46:10:378 [361928] | INFO  |   | Flags                                   | 0x40                                    |
00:46:10:378 [361928] | INFO  |   +-----------------------------------------+-----------------------------------------+
00:46:10:384 [361928] | INFO  | Redirecting CreateDXGIFactory2(Flags = 0, riid = {1BC6EA02-EF36-464F-BF0C-21CA39E5168A}, ppFactory = 00000000365CE280) ...
00:46:10:387 [361928] | INFO  | Redirecting CreateDXGIFactory2(Flags = 0, riid = {1BC6EA02-EF36-464F-BF0C-21CA39E5168A}, ppFactory = 00000000365CE280) ...
00:46:10:389 [361928] | INFO  | Redirecting CreateDXGIFactory2(Flags = 0, riid = {1BC6EA02-EF36-464F-BF0C-21CA39E5168A}, ppFactory = 00000000365CE280) ...
00:46:10:392 [361928] | INFO  | Redirecting CreateDXGIFactory2(Flags = 0, riid = {1BC6EA02-EF36-464F-BF0C-21CA39E5168A}, ppFactory = 00000000365CE280) ...
00:46:10:394 [361928] | INFO  | Running on NVIDIA GeForce RTX 4080 Driver 616.56.
00:46:10:395 [361928] | INFO  | [Standalone DLSS-NR + SR 2.0.5-explicit-pacing-prototype] ignored helper swapchain: hwnd=0000000000000000 surface=3840x2160
00:46:10:399 [361928] | INFO  | [Standalone DLSS-NR + SR 2.0.5-explicit-pacing-prototype] ignored helper ReShade runtime: hwnd=0000000000000000 surface=3840x2160
00:46:10:399 [361928] | INFO  | Recreated runtime environment on runtime 00000001909AEAC0 ('C:\Program Files (x86)\Steam\steamapps\common\Batman Arkham Knight\Binaries\Win64\ReShade2.ini').
00:46:10:400 [361928] | INFO  | Redirecting IDXGISwapChain3::SetColorSpace1(ColorSpace = 0) ...
00:46:10:401 [361928] | INFO  | [Standalone DLSS-NR + SR 2.0.5-explicit-pacing-prototype] native proxy sRGB/BT.709 color space: hr=0x00000000
00:46:10:401 [361928] | INFO  | [Standalone DLSS-NR + SR 2.0.5-explicit-pacing-prototype] proxy telemetry ready: compositor GPU timestamps at 1000000000 Hz
00:46:10:440 [361928] | INFO  | [Standalone DLSS-NR + SR 2.0.5-explicit-pacing-prototype] detached compositor ready: 3840x2160 source_format=28 present_format=28 game_hwnd=00000000011F091C target_hwnd=00000000011F091C ownership=attached/game-HWND alpha=premultiplied input_owner=routed-to-game DWM_paced=yes presenter=asynchronous/worker buffers=3 max_latency=1 pacing=explicit-refresh-timer target=120Hz/8.333ms
00:46:10:440 [362948] | INFO  | [Standalone DLSS-NR + SR 2.0.5-explicit-pacing-prototype] async proxy presentation worker started
00:46:10:441 [362948] | INFO  | [Standalone DLSS-NR + SR 2.0.5-explicit-pacing-prototype] ignored HWND-less composition swapchain Present
00:46:10:449 [362948] | INFO  | [Standalone DLSS-NR + SR 2.0.5-explicit-pacing-prototype] post-ReShade native presentation active; effects and overlay are available to the proxy compositor
00:46:10:452 [362952] | INFO  | Successfully compiled 'C:\Program Files (x86)\Steam\steamapps\common\Batman Arkham Knight\Binaries\Win64\reshade-shaders\Shaders\DLSS5_AIO_Feed.fx' in 0.010000 s.
00:46:11:121 [361928] | INFO  | [Standalone DLSS-NR + SR 2.0.5-explicit-pacing-prototype] on-present frame 2: NR=Success, DLSS SR=Success, model=3, NR-reset=0, NR-guides=fallback, NR-control-mask=none strength=1.00, SR-history=temporal/VORT, DLSS history mask=none, input=2560x1440, output=3840x2160
00:46:11:122 [361928] | INFO  | [Standalone DLSS-NR + SR 2.0.5-explicit-pacing-prototype] performance telemetry: source=4 fps avg=133.303ms p99=3049.171ms max=3049.171ms; proxy=0 fps; addon CPU current=3.398ms avg=262.463ms peak=2370.613ms; GPU prep=0.000ms NR=7.593ms DLSS SR=1.452ms FG=0.925ms cleanup=0.000ms total=9.972ms; skips neural=0 proxy=0; async coalesced=0 timeouts=0
00:46:11:123 [361928] | INFO  | [Standalone DLSS-NR + SR 2.0.5-explicit-pacing-prototype] performance guides: GPU VORT=0.000ms feed/masks=0.000ms total=0.000ms samples=0 available=0; CPU record VORT=0.000ms feed=0.000ms flush=0.000ms
00:46:11:123 [361928] | INFO  | [Standalone DLSS-NR + SR 2.0.5-explicit-pacing-prototype] performance proxy: GPU generated=0.000ms real=0.000ms pair=0.000ms samples=0 available=0; CPU mailbox=0.005ms fence_wait=0.000ms swap_wait=0.000ms pacing_wait=0.000ms Present=7.837ms worker=8.559ms peak=8.559ms; output interval current=0.000ms avg=0.000ms peak=0.000ms generated->real=0.000ms real->generated=0.000ms target=120Hz late=0; requests=1 completed=1 coalesced=0 timeouts=0 display_backpressure=0; neural deferrals presenter=0 GPU=0
00:46:11:123 [361928] | INFO  | [Standalone DLSS-NR + SR 2.0.5-explicit-pacing-prototype] presentation compatibility: host=detached window_virtualization=inactive logical_client=disabled input_coordinates=native-client render=2560x1440 output=3840x2160 resolution_intents=0 WM_SIZE=0 client_queries=0 coordinate_APIs=0 mouse_messages=0 cursor_queries=0 cursor_warps=0 cursor_clips=0 resize_pins=0
00:46:11:132 [361928] | INFO  | [Standalone DLSS-NR + SR 2.0.5-explicit-pacing-prototype] on-present frame 3: NR=Success, DLSS SR=Success, model=3, NR-reset=0, NR-guides=fallback, NR-control-mask=none strength=1.00, SR-history=temporal/VORT, DLSS history mask=none, input=2560x1440, output=3840x2160
00:46:11:138 [361928] | INFO  | [Standalone DLSS-NR + SR 2.0.5-explicit-pacing-prototype] on-present frame 4: NR=Success, DLSS SR=Success, model=3, NR-reset=0, NR-guides=fallback, NR-control-mask=none strength=1.00, SR-history=temporal/VORT, DLSS history mask=none, input=2560x1440, output=3840x2160
00:46:11:138 [362948] | INFO  | [Standalone DLSS-NR + SR 2.0.5-explicit-pacing-prototype] ignored HWND-less composition swapchain Present
00:46:11:141 [361928] | INFO  | [Standalone DLSS-NR + SR 2.0.5-explicit-pacing-prototype] D3D11 capture skipped: all shared input slots are occupied (skip=1)
00:46:11:145 [361928] | INFO  | [Standalone DLSS-NR + SR 2.0.5-explicit-pacing-prototype] D3D11 capture skipped: all shared input slots are occupied (skip=2)
00:46:11:150 [361928] | INFO  | [Standalone DLSS-NR + SR 2.0.5-explicit-pacing-prototype] D3D11 capture skipped: all shared input slots are occupied (skip=3)
00:46:11:152 [362948] | INFO  | [Standalone DLSS-NR + SR 2.0.5-explicit-pacing-prototype] ignored HWND-less composition swapchain Present
00:46:11:155 [361928] | INFO  | [Standalone DLSS-NR + SR 2.0.5-explicit-pacing-prototype] D3D11 capture skipped: all shared input slots are occupied (skip=4)
00:46:11:155 [362948] | INFO  | [Standalone DLSS-NR + SR 2.0.5-explicit-pacing-prototype] experimental DLSS-G presentation active: generated frame then real frame, uncapped flip cadence, tearing=unavailable
00:46:11:164 [361928] | INFO  | [Standalone DLSS-NR + SR 2.0.5-explicit-pacing-prototype] source capture discontinuity observed without forcing an NGX history reset: previous=33 current=38 gap=4 count=1
00:46:11:168 [361928] | INFO  | [Standalone DLSS-NR + SR 2.0.5-explicit-pacing-prototype] on-present frame 5: NR=Success, DLSS SR=Success, model=3, NR-reset=0, NR-guides=fallback, NR-control-mask=none strength=1.00, SR-history=temporal/VORT, DLSS history mask=none, input=2560x1440, output=3840x2160
00:46:11:171 [361928] | INFO  | [Standalone DLSS-NR + SR 2.0.5-explicit-pacing-prototype] D3D11 capture skipped: all shared input slots are occupied (skip=5)
00:46:11:175 [361928] | INFO  | [Standalone DLSS-NR + SR 2.0.5-explicit-pacing-prototype] D3D11 capture skipped: all shared input slots are occupied (skip=6)
00:46:11:199 [362948] | INFO  | [Standalone DLSS-NR + SR 2.0.5-explicit-pacing-prototype] native proxy activated after 3 consecutive completed frames
00:46:11:200 [361928] | INFO  | [Standalone DLSS-NR + SR 2.0.5-explicit-pacing-prototype] D3D11 capture skipped: all shared input slots are occupied (skip=7)
00:46:11:203 [361928] | INFO  | [Standalone DLSS-NR + SR 2.0.5-explicit-pacing-prototype] source capture discontinuity observed without forcing an NGX history reset: previous=38 current=42 gap=3 count=2
00:46:11:204 [361928] | INFO  | [Standalone DLSS-NR + SR 2.0.5-explicit-pacing-prototype] on-present frame 6: NR=Success, DLSS SR=Success, model=3, NR-reset=0, NR-guides=fallback, NR-control-mask=none strength=1.00, SR-history=temporal/VORT, DLSS history mask=none, input=2560x1440, output=3840x2160
00:46:11:208 [361928] | INFO  | [Standalone DLSS-NR + SR 2.0.5-explicit-pacing-prototype] D3D11 capture skipped: all shared input slots are occupied (skip=8)
00:46:11:229 [361928] | INFO  | [Standalone DLSS-NR + SR 2.0.5-explicit-pacing-prototype] source capture discontinuity observed without forcing an NGX history reset: previous=42 current=47 gap=4 count=3
00:46:11:231 [361928] | INFO  | [Standalone DLSS-NR + SR 2.0.5-explicit-pacing-prototype] on-present frame 7: NR=Success, DLSS SR=Success, model=3, NR-reset=0, NR-guides=fallback, NR-control-mask=none strength=1.00, SR-history=temporal/VORT, DLSS history mask=none, input=2560x1440, output=3840x2160
00:46:11:259 [361928] | INFO  | [Standalone DLSS-NR + SR 2.0.5-explicit-pacing-prototype] source capture discontinuity observed without forcing an NGX history reset: previous=47 current=53 gap=5 count=4
00:46:11:260 [361928] | INFO  | [Standalone DLSS-NR + SR 2.0.5-explicit-pacing-prototype] on-present frame 8: NR=Success, DLSS SR=Success, model=3, NR-reset=0, NR-guides=fallback, NR-control-mask=none strength=1.00, SR-history=temporal/VORT, DLSS history mask=none, input=2560x1440, output=3840x2160
00:46:11:287 [361928] | INFO  | [Standalone DLSS-NR + SR 2.0.5-explicit-pacing-prototype] source capture discontinuity observed without forcing an NGX history reset: previous=53 current=59 gap=5 count=5
00:46:11:310 [361928] | INFO  | [Standalone DLSS-NR + SR 2.0.5-explicit-pacing-prototype] source capture discontinuity observed without forcing an NGX history reset: previous=59 current=64 gap=4 count=6
00:46:11:340 [361928] | INFO  | [Standalone DLSS-NR + SR 2.0.5-explicit-pacing-prototype] source capture discontinuity observed without forcing an NGX history reset: previous=64 current=70 gap=5 count=7
00:46:11:358 [361928] | INFO  | [Standalone DLSS-NR + SR 2.0.5-explicit-pacing-prototype] source capture discontinuity observed without forcing an NGX history reset: previous=70 current=74 gap=3 count=8
00:46:14:826 [361928] | INFO  | [Standalone DLSS-NR + SR 2.0.5-explicit-pacing-prototype] D3D11 capture skipped: all shared input slots are occupied (skip=600)
00:46:16:112 [361928] | INFO  | [Standalone DLSS-NR + SR 2.0.5-explicit-pacing-prototype] performance telemetry: source=106 fps avg=6.448ms p99=10.490ms max=221.539ms; proxy=74 fps; addon CPU current=1.991ms avg=0.455ms peak=2370.613ms; GPU prep=0.000ms NR=7.940ms DLSS SR=1.446ms FG=1.205ms cleanup=0.000ms total=10.591ms; skips neural=755 proxy=0; async coalesced=0 timeouts=0
00:46:16:113 [361928] | INFO  | [Standalone DLSS-NR + SR 2.0.5-explicit-pacing-prototype] performance guides: GPU VORT=0.000ms feed/masks=0.000ms total=0.000ms samples=0 available=0; CPU record VORT=0.000ms feed=0.000ms flush=0.000ms
00:46:16:113 [361928] | INFO  | [Standalone DLSS-NR + SR 2.0.5-explicit-pacing-prototype] performance proxy: GPU generated=0.234ms real=0.252ms pair=24.363ms samples=101 available=1; CPU mailbox=22.147ms fence_wait=0.000ms swap_wait=0.000ms pacing_wait=8.306ms Present=0.276ms worker=10.173ms peak=37.223ms; output interval current=9.033ms avg=11.770ms peak=693.835ms generated->real=9.043ms real->generated=16.185ms target=120Hz late=190; requests=197 completed=197 coalesced=0 timeouts=0 display_backpressure=0; neural deferrals presenter=0 GPU=755
00:46:16:114 [361928] | INFO  | [Standalone DLSS-NR + SR 2.0.5-explicit-pacing-prototype] presentation compatibility: host=detached window_virtualization=inactive logical_client=disabled input_coordinates=native-client render=2560x1440 output=3840x2160 resolution_intents=0 WM_SIZE=0 client_queries=0 coordinate_APIs=0 mouse_messages=0 cursor_queries=0 cursor_warps=0 cursor_clips=0 resize_pins=0
00:46:19:102 [361928] | INFO  | [Standalone DLSS-NR + SR 2.0.5-explicit-pacing-prototype] D3D11 capture skipped: all shared input slots are occupied (skip=1200)
00:46:21:111 [361928] | INFO  | [Standalone DLSS-NR + SR 2.0.5-explicit-pacing-prototype] performance telemetry: source=188 fps avg=5.445ms p99=8.785ms max=9.264ms; proxy=78 fps; addon CPU current=0.859ms avg=0.245ms peak=2370.613ms; GPU prep=0.000ms NR=8.563ms DLSS SR=1.445ms FG=1.321ms cleanup=0.000ms total=11.329ms; skips neural=1498 proxy=0; async coalesced=0 timeouts=0
00:46:21:111 [361928] | INFO  | [Standalone DLSS-NR + SR 2.0.5-explicit-pacing-prototype] performance guides: GPU VORT=0.000ms feed/masks=0.000ms total=0.000ms samples=0 available=0; CPU record VORT=0.000ms feed=0.000ms flush=0.000ms
00:46:21:111 [361928] | INFO  | [Standalone DLSS-NR + SR 2.0.5-explicit-pacing-prototype] performance proxy: GPU generated=0.123ms real=0.275ms pair=25.567ms samples=200 available=1; CPU mailbox=22.360ms fence_wait=0.000ms swap_wait=0.000ms pacing_wait=8.630ms Present=0.173ms worker=9.175ms peak=37.223ms; output interval current=17.628ms avg=13.842ms peak=693.835ms generated->real=8.902ms real->generated=18.100ms target=120Hz late=378; requests=387 completed=385 coalesced=0 timeouts=0 display_backpressure=0; neural deferrals presenter=0 GPU=1498
00:46:21:112 [361928] | INFO  | [Standalone DLSS-NR + SR 2.0.5-explicit-pacing-prototype] presentation compatibility: host=detached window_virtualization=inactive logical_client=disabled input_coordinates=native-client render=2560x1440 output=3840x2160 resolution_intents=0 WM_SIZE=0 client_queries=0 coordinate_APIs=0 mouse_messages=0 cursor_queries=0 cursor_warps=0 cursor_clips=0 resize_pins=0
00:46:23:167 [361928] | INFO  | [Standalone DLSS-NR + SR 2.0.5-explicit-pacing-prototype] D3D11 capture skipped: all shared input slots are occupied (skip=1800)
00:46:26:110 [361928] | INFO  | [Standalone DLSS-NR + SR 2.0.5-explicit-pacing-prototype] performance telemetry: source=176 fps avg=5.660ms p99=9.362ms max=9.684ms; proxy=74 fps; addon CPU current=0.894ms avg=0.274ms peak=2370.613ms; GPU prep=0.000ms NR=8.563ms DLSS SR=1.445ms FG=1.321ms cleanup=0.000ms total=11.329ms; skips neural=2224 proxy=0; async coalesced=0 timeouts=0
00:46:26:111 [361928] | INFO  | [Standalone DLSS-NR + SR 2.0.5-explicit-pacing-prototype] performance guides: GPU VORT=0.000ms feed/masks=0.000ms total=0.000ms samples=0 available=0; CPU record VORT=0.000ms feed=0.000ms flush=0.000ms
00:46:26:111 [361928] | INFO  | [Standalone DLSS-NR + SR 2.0.5-explicit-pacing-prototype] performance proxy: GPU generated=0.113ms real=0.255ms pair=24.322ms samples=297 available=1; CPU mailbox=19.676ms fence_wait=0.000ms swap_wait=0.000ms pacing_wait=8.642ms Present=0.193ms worker=9.233ms peak=37.223ms; output interval current=18.525ms avg=13.503ms peak=693.835ms generated->real=8.938ms real->generated=17.398ms target=120Hz late=567; requests=576 completed=574 coalesced=0 timeouts=0 display_backpressure=0; neural deferrals presenter=0 GPU=2224
00:46:26:111 [361928] | INFO  | [Standalone DLSS-NR + SR 2.0.5-explicit-pacing-prototype] presentation compatibility: host=detached window_virtualization=inactive logical_client=disabled input_coordinates=native-client render=2560x1440 output=3840x2160 resolution_intents=0 WM_SIZE=0 client_queries=0 coordinate_APIs=0 mouse_messages=0 cursor_queries=0 cursor_warps=0 cursor_clips=0 resize_pins=0
00:46:27:024 [361928] | INFO  | [Standalone DLSS-NR + SR 2.0.5-explicit-pacing-prototype] source capture discontinuity observed without forcing an NGX history reset: previous=2994 current=2999 gap=4 count=600
00:46:27:283 [361928] | INFO  | [Standalone DLSS-NR + SR 2.0.5-explicit-pacing-prototype] D3D11 capture skipped: all shared input slots are occupied (skip=2400)
00:46:31:109 [361928] | INFO  | [Standalone DLSS-NR + SR 2.0.5-explicit-pacing-prototype] performance telemetry: source=30 fps avg=16.315ms p99=34.851ms max=338.688ms; proxy=60 fps; addon CPU current=0.684ms avg=0.785ms peak=2370.613ms; GPU prep=0.000ms NR=7.824ms DLSS SR=2.138ms FG=2.451ms cleanup=0.001ms total=12.413ms; skips neural=2491 proxy=0; async coalesced=0 timeouts=0
00:46:31:110 [361928] | INFO  | [Standalone DLSS-NR + SR 2.0.5-explicit-pacing-prototype] performance guides: GPU VORT=0.000ms feed/masks=0.000ms total=0.000ms samples=0 available=0; CPU record VORT=0.000ms feed=0.000ms flush=0.000ms
00:46:31:110 [361928] | INFO  | [Standalone DLSS-NR + SR 2.0.5-explicit-pacing-prototype] performance proxy: GPU generated=0.102ms real=0.118ms pair=9.088ms samples=413 available=1; CPU mailbox=12.342ms fence_wait=0.000ms swap_wait=0.000ms pacing_wait=8.538ms Present=0.170ms worker=9.305ms peak=37.223ms; output interval current=9.024ms avg=15.980ms peak=693.835ms generated->real=8.875ms real->generated=24.081ms target=120Hz late=714; requests=724 completed=724 coalesced=0 timeouts=0 display_backpressure=0; neural deferrals presenter=0 GPU=2491
00:46:31:110 [361928] | INFO  | [Standalone DLSS-NR + SR 2.0.5-explicit-pacing-prototype] presentation compatibility: host=detached window_virtualization=inactive logical_client=disabled input_coordinates=native-client render=2560x1440 output=3840x2160 resolution_intents=0 WM_SIZE=0 client_queries=0 coordinate_APIs=0 mouse_messages=0 cursor_queries=0 cursor_warps=0 cursor_clips=0 resize_pins=0
00:46:36:111 [361928] | INFO  | [Standalone DLSS-NR + SR 2.0.5-explicit-pacing-prototype] performance telemetry: source=31 fps avg=34.332ms p99=34.851ms max=338.688ms; proxy=60 fps; addon CPU current=0.871ms avg=0.929ms peak=2370.613ms; GPU prep=0.000ms NR=8.337ms DLSS SR=2.072ms FG=2.242ms cleanup=0.001ms total=12.649ms; skips neural=2491 proxy=0; async coalesced=0 timeouts=0
00:46:36:112 [361928] | INFO  | [Standalone DLSS-NR + SR 2.0.5-explicit-pacing-prototype] performance guides: GPU VORT=0.000ms feed/masks=0.000ms total=0.000ms samples=0 available=0; CPU record VORT=0.000ms feed=0.000ms flush=0.000ms
00:46:36:112 [361928] | INFO  | [Standalone DLSS-NR + SR 2.0.5-explicit-pacing-prototype] performance proxy: GPU generated=0.101ms real=0.117ms pair=9.305ms samples=564 available=1; CPU mailbox=12.950ms fence_wait=0.000ms swap_wait=0.000ms pacing_wait=8.594ms Present=0.178ms worker=9.146ms peak=37.223ms; output interval current=8.699ms avg=16.028ms peak=693.835ms generated->real=8.862ms real->generated=24.217ms target=120Hz late=865; requests=875 completed=875 coalesced=0 timeouts=0 display_backpressure=0; neural deferrals presenter=0 GPU=2491
00:46:36:112 [361928] | INFO  | [Standalone DLSS-NR + SR 2.0.5-explicit-pacing-prototype] presentation compatibility: host=detached window_virtualization=inactive logical_client=disabled input_coordinates=native-client render=2560x1440 output=3840x2160 resolution_intents=0 WM_SIZE=0 client_queries=0 coordinate_APIs=0 mouse_messages=0 cursor_queries=0 cursor_warps=0 cursor_clips=0 resize_pins=0
00:46:41:116 [361928] | INFO  | [Standalone DLSS-NR + SR 2.0.5-explicit-pacing-prototype] performance telemetry: source=118 fps avg=18.419ms p99=33.769ms max=274.648ms; proxy=86 fps; addon CPU current=0.013ms avg=0.618ms peak=2370.613ms; GPU prep=0.000ms NR=7.619ms DLSS SR=2.584ms FG=2.130ms cleanup=0.001ms total=12.330ms; skips neural=2592 proxy=0; async coalesced=0 timeouts=0
00:46:41:117 [361928] | INFO  | [Standalone DLSS-NR + SR 2.0.5-explicit-pacing-prototype] performance guides: GPU VORT=0.000ms feed/masks=0.000ms total=0.000ms samples=0 available=0; CPU record VORT=0.000ms feed=0.000ms flush=0.000ms
00:46:41:117 [361928] | INFO  | [Standalone DLSS-NR + SR 2.0.5-explicit-pacing-prototype] performance proxy: GPU generated=0.118ms real=0.130ms pair=19.487ms samples=698 available=1; CPU mailbox=12.882ms fence_wait=0.000ms swap_wait=0.000ms pacing_wait=8.580ms Present=0.204ms worker=9.259ms peak=37.223ms; output interval current=8.749ms avg=11.602ms peak=693.835ms generated->real=8.905ms real->generated=14.808ms target=120Hz late=1023; requests=1035 completed=1033 coalesced=0 timeouts=0 display_backpressure=0; neural deferrals presenter=0 GPU=2592
00:46:41:117 [361928] | INFO  | [Standalone DLSS-NR + SR 2.0.5-explicit-pacing-prototype] presentation compatibility: host=detached window_virtualization=inactive logical_client=disabled input_coordinates=native-client render=2560x1440 output=3840x2160 resolution_intents=0 WM_SIZE=0 client_queries=0 coordinate_APIs=0 mouse_messages=0 cursor_queries=0 cursor_warps=0 cursor_clips=0 resize_pins=0
00:46:46:111 [361928] | INFO  | [Standalone DLSS-NR + SR 2.0.5-explicit-pacing-prototype] performance telemetry: source=120 fps avg=8.241ms p99=10.983ms max=11.176ms; proxy=86 fps; addon CPU current=0.014ms avg=0.488ms peak=2370.613ms; GPU prep=0.000ms NR=7.619ms DLSS SR=2.584ms FG=2.130ms cleanup=0.001ms total=12.330ms; skips neural=2978 proxy=0; async coalesced=0 timeouts=0
00:46:46:112 [361928] | INFO  | [Standalone DLSS-NR + SR 2.0.5-explicit-pacing-prototype] performance guides: GPU VORT=0.000ms feed/masks=0.000ms total=0.000ms samples=0 available=0; CPU record VORT=0.000ms feed=0.000ms flush=0.000ms
00:46:46:112 [361928] | INFO  | [Standalone DLSS-NR + SR 2.0.5-explicit-pacing-prototype] performance proxy: GPU generated=0.160ms real=0.180ms pair=21.498ms samples=811 available=1; CPU mailbox=14.879ms fence_wait=0.000ms swap_wait=0.000ms pacing_wait=8.614ms Present=0.189ms worker=9.237ms peak=37.223ms; output interval current=8.656ms avg=11.391ms peak=693.835ms generated->real=8.923ms real->generated=14.374ms target=120Hz late=1234; requests=1246 completed=1244 coalesced=0 timeouts=0 display_backpressure=0; neural deferrals presenter=0 GPU=2978
00:46:46:112 [361928] | INFO  | [Standalone DLSS-NR + SR 2.0.5-explicit-pacing-prototype] presentation compatibility: host=detached window_virtualization=inactive logical_client=disabled input_coordinates=native-client render=2560x1440 output=3840x2160 resolution_intents=0 WM_SIZE=0 client_queries=0 coordinate_APIs=0 mouse_messages=0 cursor_queries=0 cursor_warps=0 cursor_clips=0 resize_pins=0
00:46:46:390 [361928] | INFO  | [Standalone DLSS-NR + SR 2.0.5-explicit-pacing-prototype] D3D11 capture skipped: all shared input slots are occupied (skip=3000)
00:46:51:113 [361928] | INFO  | [Standalone DLSS-NR + SR 2.0.5-explicit-pacing-prototype] performance telemetry: source=126 fps avg=8.070ms p99=10.567ms max=10.967ms; proxy=86 fps; addon CPU current=0.013ms avg=0.373ms peak=2370.613ms; GPU prep=0.000ms NR=7.619ms DLSS SR=2.584ms FG=2.130ms cleanup=0.001ms total=12.330ms; skips neural=3376 proxy=0; async coalesced=0 timeouts=0
00:46:51:113 [361928] | INFO  | [Standalone DLSS-NR + SR 2.0.5-explicit-pacing-prototype] performance guides: GPU VORT=0.000ms feed/masks=0.000ms total=0.000ms samples=0 available=0; CPU record VORT=0.000ms feed=0.000ms flush=0.000ms
00:46:51:113 [361928] | INFO  | [Standalone DLSS-NR + SR 2.0.5-explicit-pacing-prototype] performance proxy: GPU generated=0.268ms real=0.205ms pair=21.566ms samples=926 available=1; CPU mailbox=15.597ms fence_wait=0.000ms swap_wait=0.000ms pacing_wait=8.605ms Present=0.188ms worker=9.224ms peak=37.223ms; output interval current=15.228ms avg=11.961ms peak=693.835ms generated->real=8.915ms real->generated=14.486ms target=120Hz late=1448; requests=1460 completed=1458 coalesced=0 timeouts=0 display_backpressure=0; neural deferrals presenter=0 GPU=3376
00:46:51:114 [361928] | INFO  | [Standalone DLSS-NR + SR 2.0.5-explicit-pacing-prototype] presentation compatibility: host=detached window_virtualization=inactive logical_client=disabled input_coordinates=native-client render=2560x1440 output=3840x2160 resolution_intents=0 WM_SIZE=0 client_queries=0 coordinate_APIs=0 mouse_messages=0 cursor_queries=0 cursor_warps=0 cursor_clips=0 resize_pins=0
00:46:51:703 [361928] | INFO  | [Standalone DLSS-NR + SR 2.0.5-explicit-pacing-prototype] primary ReShade overlay opened; detached compositor moved to side preview with native game-window input (F10=processed)
00:46:51:705 [362944] | INFO  | [Standalone DLSS-NR + SR 2.0.5-explicit-pacing-prototype] composition host migrated: old=00000000011F091C new=0000000000320A00 ownership=detached/proxy-HWND visible=yes
00:46:51:706 [362944] | INFO  | [Standalone DLSS-NR + SR 2.0.5-explicit-pacing-prototype] ReShade side preview opened: preview=1280x720 at (2548,12) game=(0,0)-(3840,2160) monitor=3840x2160
00:46:51:706 [362944] | INFO  | [Standalone DLSS-NR + SR 2.0.5-explicit-pacing-prototype] ReShade side preview window state: hwnd=0000000000320A00 visible=1 rect=(2548,12)-(3828,732) composition_target=0000000000320A00
00:46:53:454 [361928] | INFO  | [Standalone DLSS-NR + SR 2.0.5-explicit-pacing-prototype] source capture discontinuity observed without forcing an NGX history reset: previous=5151 current=5155 gap=3 count=1200
00:46:53:876 [361928] | INFO  | [Standalone DLSS-NR + SR 2.0.5-explicit-pacing-prototype] D3D11 capture skipped: all shared input slots are occupied (skip=3600)
00:46:56:110 [361928] | INFO  | [Standalone DLSS-NR + SR 2.0.5-explicit-pacing-prototype] performance telemetry: source=124 fps avg=8.125ms p99=10.563ms max=13.232ms; proxy=88 fps; addon CPU current=0.009ms avg=0.363ms peak=2370.613ms; GPU prep=0.000ms NR=7.619ms DLSS SR=2.584ms FG=2.130ms cleanup=0.001ms total=12.330ms; skips neural=3778 proxy=0; async coalesced=0 timeouts=0
00:46:56:110 [361928] | INFO  | [Standalone DLSS-NR + SR 2.0.5-explicit-pacing-prototype] performance guides: GPU VORT=0.000ms feed/masks=0.000ms total=0.000ms samples=0 available=0; CPU record VORT=0.000ms feed=0.000ms flush=0.000ms
00:46:56:111 [361928] | INFO  | [Standalone DLSS-NR + SR 2.0.5-explicit-pacing-prototype] performance proxy: GPU generated=0.167ms real=0.284ms pair=18.865ms samples=1043 available=1; CPU mailbox=13.057ms fence_wait=0.000ms swap_wait=0.000ms pacing_wait=8.639ms Present=0.194ms worker=9.269ms peak=37.223ms; output interval current=14.118ms avg=11.611ms peak=693.835ms generated->real=8.954ms real->generated=14.043ms target=120Hz late=1663; requests=1677 completed=1675 coalesced=0 timeouts=0 display_backpressure=0; neural deferrals presenter=0 GPU=3778
00:46:56:111 [361928] | INFO  | [Standalone DLSS-NR + SR 2.0.5-explicit-pacing-prototype] presentation compatibility: host=detached window_virtualization=inactive logical_client=disabled input_coordinates=native-client render=2560x1440 output=3840x2160 resolution_intents=0 WM_SIZE=0 client_queries=0 coordinate_APIs=0 mouse_messages=0 cursor_queries=0 cursor_warps=0 cursor_clips=0 resize_pins=0
00:46:58:925 [361928] | INFO  | [Standalone DLSS-NR + SR 2.0.5-explicit-pacing-prototype] on-present frame 1800: NR=Success, DLSS SR=Success, model=3, NR-reset=0, NR-guides=fallback, NR-control-mask=none strength=1.00, SR-history=temporal/VORT, DLSS history mask=none, input=2560x1440, output=3840x2160
00:47:01:112 [361928] | INFO  | [Standalone DLSS-NR + SR 2.0.5-explicit-pacing-prototype] performance telemetry: source=124 fps avg=8.098ms p99=10.913ms max=11.202ms; proxy=86 fps; addon CPU current=0.009ms avg=0.510ms peak=2370.613ms; GPU prep=0.000ms NR=7.619ms DLSS SR=2.584ms FG=2.130ms cleanup=0.001ms total=12.330ms; skips neural=4174 proxy=0; async coalesced=0 timeouts=0
00:47:01:112 [361928] | INFO  | [Standalone DLSS-NR + SR 2.0.5-explicit-pacing-prototype] performance guides: GPU VORT=0.000ms feed/masks=0.000ms total=0.000ms samples=0 available=0; CPU record VORT=0.000ms feed=0.000ms flush=0.000ms
00:47:01:113 [361928] | INFO  | [Standalone DLSS-NR + SR 2.0.5-explicit-pacing-prototype] performance proxy: GPU generated=0.148ms real=0.299ms pair=19.473ms samples=1160 available=1; CPU mailbox=14.558ms fence_wait=0.000ms swap_wait=0.000ms pacing_wait=8.607ms Present=0.200ms worker=9.248ms peak=37.223ms; output interval current=8.767ms avg=11.352ms peak=693.835ms generated->real=8.925ms real->generated=14.048ms target=120Hz late=1878; requests=1895 completed=1893 coalesced=0 timeouts=0 display_backpressure=0; neural deferrals presenter=0 GPU=4174
00:47:01:113 [361928] | INFO  | [Standalone DLSS-NR + SR 2.0.5-explicit-pacing-prototype] presentation compatibility: host=detached window_virtualization=inactive logical_client=disabled input_coordinates=native-client render=2560x1440 output=3840x2160 resolution_intents=0 WM_SIZE=0 client_queries=0 coordinate_APIs=0 mouse_messages=0 cursor_queries=0 cursor_warps=0 cursor_clips=0 resize_pins=0
00:47:01:445 [361928] | INFO  | [Standalone DLSS-NR + SR 2.0.5-explicit-pacing-prototype] D3D11 capture skipped: all shared input slots are occupied (skip=4200)
00:47:06:111 [361928] | INFO  | [Standalone DLSS-NR + SR 2.0.5-explicit-pacing-prototype] performance telemetry: source=124 fps avg=8.095ms p99=10.347ms max=10.649ms; proxy=86 fps; addon CPU current=0.009ms avg=0.361ms peak=2370.613ms; GPU prep=0.000ms NR=7.619ms DLSS SR=2.584ms FG=2.130ms cleanup=0.001ms total=12.330ms; skips neural=4574 proxy=0; async coalesced=0 timeouts=0
00:47:06:111 [361928] | INFO  | [Standalone DLSS-NR + SR 2.0.5-explicit-pacing-prototype] performance guides: GPU VORT=0.000ms feed/masks=0.000ms total=0.000ms samples=0 available=0; CPU record VORT=0.000ms feed=0.000ms flush=0.000ms
00:47:06:112 [361928] | INFO  | [Standalone DLSS-NR + SR 2.0.5-explicit-pacing-prototype] performance proxy: GPU generated=0.143ms real=0.122ms pair=18.409ms samples=1278 available=1; CPU mailbox=11.947ms fence_wait=0.000ms swap_wait=0.000ms pacing_wait=8.619ms Present=0.195ms worker=9.251ms peak=37.223ms; output interval current=9.081ms avg=11.427ms peak=693.835ms generated->real=8.928ms real->generated=14.221ms target=120Hz late=2095; requests=2113 completed=2111 coalesced=0 timeouts=0 display_backpressure=0; neural deferrals presenter=0 GPU=4574
00:47:06:112 [361928] | INFO  | [Standalone DLSS-NR + SR 2.0.5-explicit-pacing-prototype] presentation compatibility: host=detached window_virtualization=inactive logical_client=disabled input_coordinates=native-client render=2560x1440 output=3840x2160 resolution_intents=0 WM_SIZE=0 client_queries=0 coordinate_APIs=0 mouse_messages=0 cursor_queries=0 cursor_warps=0 cursor_clips=0 resize_pins=0
00:47:07:040 [361928] | INFO  | [Standalone DLSS-NR + SR 2.0.5-explicit-pacing-prototype] primary ReShade overlay closed; detached compositor restored full-screen with native game-window input (F10=processed)
00:47:07:042 [362944] | INFO  | [Standalone DLSS-NR + SR 2.0.5-explicit-pacing-prototype] composition host migrated: old=0000000000320A00 new=00000000000A0C2C ownership=detached/proxy-HWND visible=yes
00:47:07:044 [362944] | INFO  | [Standalone DLSS-NR + SR 2.0.5-explicit-pacing-prototype] ReShade side preview closed; detached compositor restored to 3840x2160
00:47:07:051 [361928] | INFO  | [Standalone DLSS-NR + SR 2.0.5-explicit-pacing-prototype] proxy forwarded gameplay mouse event=1
00:47:07:057 [361928] | INFO  | [Standalone DLSS-NR + SR 2.0.5-explicit-pacing-prototype] proxy forwarded gameplay mouse event=2
00:47:07:064 [361928] | INFO  | [Standalone DLSS-NR + SR 2.0.5-explicit-pacing-prototype] proxy forwarded gameplay mouse event=3
00:47:07:072 [361928] | INFO  | [Standalone DLSS-NR + SR 2.0.5-explicit-pacing-prototype] proxy forwarded gameplay mouse event=4
00:47:07:080 [361928] | INFO  | [Standalone DLSS-NR + SR 2.0.5-explicit-pacing-prototype] proxy forwarded gameplay mouse event=5
00:47:07:088 [361928] | INFO  | [Standalone DLSS-NR + SR 2.0.5-explicit-pacing-prototype] proxy forwarded gameplay mouse event=6
00:47:07:097 [361928] | INFO  | [Standalone DLSS-NR + SR 2.0.5-explicit-pacing-prototype] proxy forwarded gameplay mouse event=7
00:47:07:098 [362944] | INFO  | [Standalone DLSS-NR + SR 2.0.5-explicit-pacing-prototype] composition host migrated: old=00000000000A0C2C new=00000000011F091C ownership=attached/game-HWND visible=yes
00:47:07:696 [361928] | INFO  | [Standalone DLSS-NR + SR 2.0.5-explicit-pacing-prototype] source capture discontinuity observed without forcing an NGX history reset: previous=6912 current=6915 gap=2 count=1800
00:47:08:803 [361928] | INFO  | [Standalone DLSS-NR + SR 2.0.5-explicit-pacing-prototype] D3D11 capture skipped: all shared input slots are occupied (skip=4800)
00:47:11:113 [361928] | INFO  | [Standalone DLSS-NR + SR 2.0.5-explicit-pacing-prototype] performance telemetry: source=116 fps avg=8.288ms p99=10.593ms max=10.737ms; proxy=84 fps; addon CPU current=1.017ms avg=0.480ms peak=2370.613ms; GPU prep=0.000ms NR=7.619ms DLSS SR=2.584ms FG=2.130ms cleanup=0.001ms total=12.330ms; skips neural=4981 proxy=0; async coalesced=0 timeouts=0
00:47:11:114 [361928] | INFO  | [Standalone DLSS-NR + SR 2.0.5-explicit-pacing-prototype] performance guides: GPU VORT=0.000ms feed/masks=0.000ms total=0.000ms samples=0 available=0; CPU record VORT=0.000ms feed=0.000ms flush=0.000ms
00:47:11:114 [361928] | INFO  | [Standalone DLSS-NR + SR 2.0.5-explicit-pacing-prototype] performance proxy: GPU generated=0.143ms real=0.160ms pair=19.313ms samples=1393 available=1; CPU mailbox=13.669ms fence_wait=0.000ms swap_wait=0.000ms pacing_wait=8.620ms Present=0.199ms worker=9.263ms peak=37.223ms; output interval current=8.672ms avg=11.854ms peak=693.835ms generated->real=8.926ms real->generated=15.099ms target=120Hz late=2308; requests=2325 completed=2324 coalesced=0 timeouts=0 display_backpressure=0; neural deferrals presenter=0 GPU=4981
00:47:11:114 [361928] | INFO  | [Standalone DLSS-NR + SR 2.0.5-explicit-pacing-prototype] presentation compatibility: host=detached window_virtualization=inactive logical_client=disabled input_coordinates=native-client render=2560x1440 output=3840x2160 resolution_intents=0 WM_SIZE=0 client_queries=0 coordinate_APIs=0 mouse_messages=0 cursor_queries=0 cursor_warps=0 cursor_clips=0 resize_pins=0
00:47:16:112 [361928] | INFO  | [Standalone DLSS-NR + SR 2.0.5-explicit-pacing-prototype] performance telemetry: source=110 fps avg=8.847ms p99=11.292ms max=11.454ms; proxy=78 fps; addon CPU current=0.014ms avg=0.431ms peak=2370.613ms; GPU prep=0.000ms NR=7.619ms DLSS SR=2.584ms FG=2.130ms cleanup=0.001ms total=12.330ms; skips neural=5349 proxy=0; async coalesced=0 timeouts=0
00:47:16:113 [361928] | INFO  | [Standalone DLSS-NR + SR 2.0.5-explicit-pacing-prototype] performance guides: GPU VORT=0.000ms feed/masks=0.000ms total=0.000ms samples=0 available=0; CPU record VORT=0.000ms feed=0.000ms flush=0.000ms
00:47:16:113 [361928] | INFO  | [Standalone DLSS-NR + SR 2.0.5-explicit-pacing-prototype] performance proxy: GPU generated=0.126ms real=0.127ms pair=14.340ms samples=1511 available=1; CPU mailbox=16.522ms fence_wait=0.000ms swap_wait=0.000ms pacing_wait=8.656ms Present=0.215ms worker=9.343ms peak=37.223ms; output interval current=14.789ms avg=12.438ms peak=693.835ms generated->real=8.994ms real->generated=15.834ms target=120Hz late=2513; requests=2530 completed=2528 coalesced=0 timeouts=0 display_backpressure=0; neural deferrals presenter=0 GPU=5349
00:47:16:113 [361928] | INFO  | [Standalone DLSS-NR + SR 2.0.5-explicit-pacing-prototype] presentation compatibility: host=detached window_virtualization=inactive logical_client=disabled input_coordinates=native-client render=2560x1440 output=3840x2160 resolution_intents=0 WM_SIZE=0 client_queries=0 coordinate_APIs=0 mouse_messages=0 cursor_queries=0 cursor_warps=0 cursor_clips=0 resize_pins=0
00:47:16:811 [361928] | INFO  | [Standalone DLSS-NR + SR 2.0.5-explicit-pacing-prototype] D3D11 capture skipped: all shared input slots are occupied (skip=5400)
00:47:21:115 [361928] | INFO  | [Standalone DLSS-NR + SR 2.0.5-explicit-pacing-prototype] performance telemetry: source=116 fps avg=8.479ms p99=12.379ms max=13.410ms; proxy=82 fps; addon CPU current=1.785ms avg=0.574ms peak=2370.613ms; GPU prep=0.000ms NR=7.619ms DLSS SR=2.584ms FG=2.130ms cleanup=0.001ms total=12.330ms; skips neural=5723 proxy=0; async coalesced=0 timeouts=0
00:47:21:116 [361928] | INFO  | [Standalone DLSS-NR + SR 2.0.5-explicit-pacing-prototype] performance guides: GPU VORT=0.000ms feed/masks=0.000ms total=0.000ms samples=0 available=0; CPU record VORT=0.000ms feed=0.000ms flush=0.000ms
00:47:21:116 [361928] | INFO  | [Standalone DLSS-NR + SR 2.0.5-explicit-pacing-prototype] performance proxy: GPU generated=0.144ms real=0.145ms pair=20.277ms samples=1624 available=1; CPU mailbox=14.531ms fence_wait=0.000ms swap_wait=0.000ms pacing_wait=8.585ms Present=0.198ms worker=9.252ms peak=37.223ms; output interval current=8.949ms avg=11.996ms peak=693.835ms generated->real=8.908ms real->generated=15.315ms target=120Hz late=2720; requests=2737 completed=2736 coalesced=0 timeouts=0 display_backpressure=0; neural deferrals presenter=0 GPU=5723
00:47:21:116 [361928] | INFO  | [Standalone DLSS-NR + SR 2.0.5-explicit-pacing-prototype] presentation compatibility: host=detached window_virtualization=inactive logical_client=disabled input_coordinates=native-client render=2560x1440 output=3840x2160 resolution_intents=0 WM_SIZE=0 client_queries=0 coordinate_APIs=0 mouse_messages=0 cursor_queries=0 cursor_warps=0 cursor_clips=0 resize_pins=0
00:47:22:877 [361928] | INFO  | [Standalone DLSS-NR + SR 2.0.5-explicit-pacing-prototype] source capture discontinuity observed without forcing an NGX history reset: previous=8688 current=8691 gap=2 count=2400
00:47:24:887 [361928] | INFO  | [Standalone DLSS-NR + SR 2.0.5-explicit-pacing-prototype] D3D11 capture skipped: all shared input slots are occupied (skip=6000)
00:47:26:114 [361928] | INFO  | [Standalone DLSS-NR + SR 2.0.5-explicit-pacing-prototype] performance telemetry: source=118 fps avg=8.614ms p99=10.984ms max=11.390ms; proxy=86 fps; addon CPU current=0.014ms avg=0.371ms peak=2370.613ms; GPU prep=0.000ms NR=7.619ms DLSS SR=2.584ms FG=2.130ms cleanup=0.001ms total=12.330ms; skips neural=6091 proxy=0; async coalesced=0 timeouts=0
00:47:26:115 [361928] | INFO  | [Standalone DLSS-NR + SR 2.0.5-explicit-pacing-prototype] performance guides: GPU VORT=0.000ms feed/masks=0.000ms total=0.000ms samples=0 available=0; CPU record VORT=0.000ms feed=0.000ms flush=0.000ms
00:47:26:115 [361928] | INFO  | [Standalone DLSS-NR + SR 2.0.5-explicit-pacing-prototype] performance proxy: GPU generated=0.131ms real=0.170ms pair=18.085ms samples=1742 available=1; CPU mailbox=15.419ms fence_wait=0.000ms swap_wait=0.000ms pacing_wait=8.537ms Present=0.194ms worker=9.161ms peak=37.223ms; output interval current=8.908ms avg=11.801ms peak=693.835ms generated->real=8.835ms real->generated=15.092ms target=120Hz late=2927; requests=2946 completed=2944 coalesced=0 timeouts=0 display_backpressure=0; neural deferrals presenter=0 GPU=6091
00:47:26:115 [361928] | INFO  | [Standalone DLSS-NR + SR 2.0.5-explicit-pacing-prototype] presentation compatibility: host=detached window_virtualization=inactive logical_client=disabled input_coordinates=native-client render=2560x1440 output=3840x2160 resolution_intents=0 WM_SIZE=0 client_queries=0 coordinate_APIs=0 mouse_messages=0 cursor_queries=0 cursor_warps=0 cursor_clips=0 resize_pins=0
00:47:31:110 [361928] | INFO  | [Standalone DLSS-NR + SR 2.0.5-explicit-pacing-prototype] performance telemetry: source=110 fps avg=8.727ms p99=11.503ms max=12.114ms; proxy=78 fps; addon CPU current=1.074ms avg=0.412ms peak=2370.613ms; GPU prep=0.000ms NR=7.619ms DLSS SR=2.584ms FG=2.130ms cleanup=0.001ms total=12.330ms; skips neural=6451 proxy=0; async coalesced=0 timeouts=0
00:47:31:110 [361928] | INFO  | [Standalone DLSS-NR + SR 2.0.5-explicit-pacing-prototype] performance guides: GPU VORT=0.000ms feed/masks=0.000ms total=0.000ms samples=0 available=0; CPU record VORT=0.000ms feed=0.000ms flush=0.000ms
00:47:31:111 [361928] | INFO  | [Standalone DLSS-NR + SR 2.0.5-explicit-pacing-prototype] performance proxy: GPU generated=0.127ms real=0.192ms pair=20.437ms samples=1856 available=1; CPU mailbox=16.898ms fence_wait=0.000ms swap_wait=0.000ms pacing_wait=8.607ms Present=0.207ms worker=9.295ms peak=37.223ms; output interval current=8.862ms avg=12.603ms peak=693.835ms generated->real=8.941ms real->generated=16.640ms target=120Hz late=3128; requests=3146 completed=3145 coalesced=0 timeouts=0 display_backpressure=0; neural deferrals presenter=0 GPU=6451
00:47:31:111 [361928] | INFO  | [Standalone DLSS-NR + SR 2.0.5-explicit-pacing-prototype] presentation compatibility: host=detached window_virtualization=inactive logical_client=disabled input_coordinates=native-client render=2560x1440 output=3840x2160 resolution_intents=0 WM_SIZE=0 client_queries=0 coordinate_APIs=0 mouse_messages=0 cursor_queries=0 cursor_warps=0 cursor_clips=0 resize_pins=0
00:47:33:246 [361928] | INFO  | [Standalone DLSS-NR + SR 2.0.5-explicit-pacing-prototype] D3D11 capture skipped: all shared input slots are occupied (skip=6600)
00:47:36:112 [361928] | INFO  | [Standalone DLSS-NR + SR 2.0.5-explicit-pacing-prototype] performance telemetry: source=106 fps avg=9.618ms p99=12.404ms max=12.640ms; proxy=78 fps; addon CPU current=0.013ms avg=0.416ms peak=2370.613ms; GPU prep=0.000ms NR=7.619ms DLSS SR=2.584ms FG=2.130ms cleanup=0.001ms total=12.330ms; skips neural=6788 proxy=0; async coalesced=0 timeouts=0
00:47:36:112 [361928] | INFO  | [Standalone DLSS-NR + SR 2.0.5-explicit-pacing-prototype] performance guides: GPU VORT=0.000ms feed/masks=0.000ms total=0.000ms samples=0 available=0; CPU record VORT=0.000ms feed=0.000ms flush=0.000ms
00:47:36:112 [361928] | INFO  | [Standalone DLSS-NR + SR 2.0.5-explicit-pacing-prototype] performance proxy: GPU generated=0.189ms real=0.299ms pair=21.541ms samples=1971 available=1; CPU mailbox=13.533ms fence_wait=0.000ms swap_wait=0.000ms pacing_wait=8.620ms Present=0.206ms worker=9.303ms peak=37.223ms; output interval current=9.078ms avg=12.527ms peak=693.835ms generated->real=8.949ms real->generated=16.537ms target=120Hz late=3327; requests=3346 completed=3344 coalesced=0 timeouts=0 display_backpressure=0; neural deferrals presenter=0 GPU=6788
00:47:36:113 [361928] | INFO  | [Standalone DLSS-NR + SR 2.0.5-explicit-pacing-prototype] presentation compatibility: host=detached window_virtualization=inactive logical_client=disabled input_coordinates=native-client render=2560x1440 output=3840x2160 resolution_intents=0 WM_SIZE=0 client_queries=0 coordinate_APIs=0 mouse_messages=0 cursor_queries=0 cursor_warps=0 cursor_clips=0 resize_pins=0
00:47:39:323 [361928] | INFO  | [Standalone DLSS-NR + SR 2.0.5-explicit-pacing-prototype] source capture discontinuity observed without forcing an NGX history reset: previous=10499 current=10501 gap=1 count=3000
00:47:41:111 [361928] | INFO  | [Standalone DLSS-NR + SR 2.0.5-explicit-pacing-prototype] performance telemetry: source=108 fps avg=10.440ms p99=14.135ms max=14.637ms; proxy=78 fps; addon CPU current=0.013ms avg=0.454ms peak=2370.613ms; GPU prep=0.000ms NR=7.619ms DLSS SR=2.584ms FG=2.130ms cleanup=0.001ms total=12.330ms; skips neural=7098 proxy=0; async coalesced=0 timeouts=0
00:47:41:111 [361928] | INFO  | [Standalone DLSS-NR + SR 2.0.5-explicit-pacing-prototype] performance guides: GPU VORT=0.000ms feed/masks=0.000ms total=0.000ms samples=0 available=0; CPU record VORT=0.000ms feed=0.000ms flush=0.000ms
00:47:41:112 [361928] | INFO  | [Standalone DLSS-NR + SR 2.0.5-explicit-pacing-prototype] performance proxy: GPU generated=0.129ms real=0.235ms pair=19.568ms samples=2088 available=1; CPU mailbox=18.015ms fence_wait=0.000ms swap_wait=0.000ms pacing_wait=8.604ms Present=0.214ms worker=9.289ms peak=37.223ms; output interval current=8.835ms avg=12.817ms peak=693.835ms generated->real=8.941ms real->generated=17.023ms target=120Hz late=3527; requests=3548 completed=3546 coalesced=0 timeouts=0 display_backpressure=0; neural deferrals presenter=0 GPU=7098
00:47:41:112 [361928] | INFO  | [Standalone DLSS-NR + SR 2.0.5-explicit-pacing-prototype] presentation compatibility: host=detached window_virtualization=inactive logical_client=disabled input_coordinates=native-client render=2560x1440 output=3840x2160 resolution_intents=0 WM_SIZE=0 client_queries=0 coordinate_APIs=0 mouse_messages=0 cursor_queries=0 cursor_warps=0 cursor_clips=0 resize_pins=0
00:47:42:428 [361928] | INFO  | [Standalone DLSS-NR + SR 2.0.5-explicit-pacing-prototype] on-present frame 3600: NR=Success, DLSS SR=Success, model=3, NR-reset=0, NR-guides=fallback, NR-control-mask=none strength=1.00, SR-history=temporal/VORT, DLSS history mask=none, input=2560x1440, output=3840x2160
00:47:42:561 [361928] | INFO  | [Standalone DLSS-NR + SR 2.0.5-explicit-pacing-prototype] D3D11 capture skipped: all shared input slots are occupied (skip=7200)
00:47:46:108 [361928] | INFO  | [Standalone DLSS-NR + SR 2.0.5-explicit-pacing-prototype] performance telemetry: source=104 fps avg=9.597ms p99=12.935ms max=13.475ms; proxy=80 fps; addon CPU current=1.758ms avg=0.569ms peak=2370.613ms; GPU prep=0.000ms NR=7.619ms DLSS SR=2.584ms FG=2.130ms cleanup=0.001ms total=12.330ms; skips neural=7438 proxy=0; async coalesced=0 timeouts=0
00:47:46:109 [361928] | INFO  | [Standalone DLSS-NR + SR 2.0.5-explicit-pacing-prototype] performance guides: GPU VORT=0.000ms feed/masks=0.000ms total=0.000ms samples=0 available=0; CPU record VORT=0.000ms feed=0.000ms flush=0.000ms
00:47:46:109 [361928] | INFO  | [Standalone DLSS-NR + SR 2.0.5-explicit-pacing-prototype] performance proxy: GPU generated=0.121ms real=0.135ms pair=18.396ms samples=2198 available=1; CPU mailbox=13.722ms fence_wait=0.000ms swap_wait=0.000ms pacing_wait=8.657ms Present=0.206ms worker=9.323ms peak=37.223ms; output interval current=9.000ms avg=12.448ms peak=693.835ms generated->real=8.981ms real->generated=16.375ms target=120Hz late=3724; requests=3744 completed=3743 coalesced=0 timeouts=0 display_backpressure=0; neural deferrals presenter=0 GPU=7438
00:47:46:109 [361928] | INFO  | [Standalone DLSS-NR + SR 2.0.5-explicit-pacing-prototype] presentation compatibility: host=detached window_virtualization=inactive logical_client=disabled input_coordinates=native-client render=2560x1440 output=3840x2160 resolution_intents=0 WM_SIZE=0 client_queries=0 coordinate_APIs=0 mouse_messages=0 cursor_queries=0 cursor_warps=0 cursor_clips=0 resize_pins=0
00:47:51:054 [361928] | INFO  | [Standalone DLSS-NR + SR 2.0.5-explicit-pacing-prototype] D3D11 capture skipped: all shared input slots are occupied (skip=7800)
00:47:51:111 [361928] | INFO  | [Standalone DLSS-NR + SR 2.0.5-explicit-pacing-prototype] performance telemetry: source=108 fps avg=9.009ms p99=13.472ms max=15.163ms; proxy=74 fps; addon CPU current=1.516ms avg=0.800ms peak=2370.613ms; GPU prep=0.000ms NR=7.619ms DLSS SR=2.584ms FG=2.130ms cleanup=0.001ms total=12.330ms; skips neural=7803 proxy=0; async coalesced=0 timeouts=0
00:47:51:111 [361928] | INFO  | [Standalone DLSS-NR + SR 2.0.5-explicit-pacing-prototype] performance guides: GPU VORT=0.000ms feed/masks=0.000ms total=0.000ms samples=0 available=0; CPU record VORT=0.000ms feed=0.000ms flush=0.000ms
00:47:51:112 [361928] | INFO  | [Standalone DLSS-NR + SR 2.0.5-explicit-pacing-prototype] performance proxy: GPU generated=0.132ms real=0.121ms pair=19.468ms samples=2305 available=1; CPU mailbox=14.476ms fence_wait=0.000ms swap_wait=0.000ms pacing_wait=8.654ms Present=0.182ms worker=9.241ms peak=37.223ms; output interval current=8.887ms avg=13.742ms peak=693.835ms generated->real=8.947ms real->generated=19.070ms target=120Hz late=3905; requests=3926 completed=3924 coalesced=0 timeouts=0 display_backpressure=0; neural deferrals presenter=0 GPU=7803
00:47:51:112 [361928] | INFO  | [Standalone DLSS-NR + SR 2.0.5-explicit-pacing-prototype] presentation compatibility: host=detached window_virtualization=inactive logical_client=disabled input_coordinates=native-client render=2560x1440 output=3840x2160 resolution_intents=0 WM_SIZE=0 client_queries=0 coordinate_APIs=0 mouse_messages=0 cursor_queries=0 cursor_warps=0 cursor_clips=0 resize_pins=0
00:47:56:112 [361928] | INFO  | [Standalone DLSS-NR + SR 2.0.5-explicit-pacing-prototype] performance telemetry: source=112 fps avg=8.554ms p99=12.095ms max=15.393ms; proxy=72 fps; addon CPU current=0.012ms avg=0.399ms peak=2370.613ms; GPU prep=0.000ms NR=7.619ms DLSS SR=2.584ms FG=2.130ms cleanup=0.001ms total=12.330ms; skips neural=8212 proxy=0; async coalesced=0 timeouts=0
00:47:56:112 [361928] | INFO  | [Standalone DLSS-NR + SR 2.0.5-explicit-pacing-prototype] performance guides: GPU VORT=0.000ms feed/masks=0.000ms total=0.000ms samples=0 available=0; CPU record VORT=0.000ms feed=0.000ms flush=0.000ms
00:47:56:112 [361928] | INFO  | [Standalone DLSS-NR + SR 2.0.5-explicit-pacing-prototype] performance proxy: GPU generated=0.469ms real=0.118ms pair=17.397ms samples=2408 available=1; CPU mailbox=18.215ms fence_wait=0.000ms swap_wait=0.000ms pacing_wait=8.634ms Present=0.179ms worker=9.226ms peak=37.223ms; output interval current=19.515ms avg=14.443ms peak=693.835ms generated->real=8.934ms real->generated=19.395ms target=120Hz late=4079; requests=4099 completed=4097 coalesced=0 timeouts=0 display_backpressure=0; neural deferrals presenter=0 GPU=8212
00:47:56:112 [361928] | INFO  | [Standalone DLSS-NR + SR 2.0.5-explicit-pacing-prototype] presentation compatibility: host=detached window_virtualization=inactive logical_client=disabled input_coordinates=native-client render=2560x1440 output=3840x2160 resolution_intents=0 WM_SIZE=0 client_queries=0 coordinate_APIs=0 mouse_messages=0 cursor_queries=0 cursor_warps=0 cursor_clips=0 resize_pins=0
00:47:56:613 [361928] | INFO  | [Standalone DLSS-NR + SR 2.0.5-explicit-pacing-prototype] source capture discontinuity observed without forcing an NGX history reset: previous=12396 current=12399 gap=2 count=3600
00:47:58:517 [361928] | INFO  | [Standalone DLSS-NR + SR 2.0.5-explicit-pacing-prototype] D3D11 capture skipped: all shared input slots are occupied (skip=8400)
00:48:01:134 [361928] | INFO  | [Standalone DLSS-NR + SR 2.0.5-explicit-pacing-prototype] performance telemetry: source=42 fps avg=9.680ms p99=15.671ms max=286.686ms; proxy=38 fps; addon CPU current=8.061ms avg=1.693ms peak=2370.613ms; GPU prep=0.001ms NR=8.798ms DLSS SR=2.164ms FG=2.503ms cleanup=0.001ms total=13.462ms; skips neural=8592 proxy=0; async coalesced=0 timeouts=0
00:48:01:134 [361928] | INFO  | [Standalone DLSS-NR + SR 2.0.5-explicit-pacing-prototype] performance guides: GPU VORT=0.000ms feed/masks=0.000ms total=0.000ms samples=0 available=0; CPU record VORT=0.000ms feed=0.000ms flush=0.000ms
00:48:01:135 [361928] | INFO  | [Standalone DLSS-NR + SR 2.0.5-explicit-pacing-prototype] performance proxy: GPU generated=0.381ms real=0.149ms pair=16.877ms samples=2502 available=1; CPU mailbox=17.082ms fence_wait=0.000ms swap_wait=0.000ms pacing_wait=8.195ms Present=3.849ms worker=16.881ms peak=37.223ms; output interval current=14.829ms avg=22.008ms peak=693.835ms generated->real=11.157ms real->generated=32.667ms target=120Hz late=4233; requests=4260 completed=4258 coalesced=0 timeouts=0 display_backpressure=0; neural deferrals presenter=0 GPU=8592
00:48:01:136 [361928] | INFO  | [Standalone DLSS-NR + SR 2.0.5-explicit-pacing-prototype] presentation compatibility: host=detached window_virtualization=inactive logical_client=disabled input_coordinates=native-client render=2560x1440 output=3840x2160 resolution_intents=0 WM_SIZE=0 client_queries=0 coordinate_APIs=0 mouse_messages=0 cursor_queries=0 cursor_warps=0 cursor_clips=0 resize_pins=0
00:48:06:123 [361928] | INFO  | [Standalone DLSS-NR + SR 2.0.5-explicit-pacing-prototype] performance telemetry: source=120 fps avg=8.959ms p99=13.575ms max=14.443ms; proxy=72 fps; addon CPU current=1.723ms avg=0.836ms peak=2370.613ms; GPU prep=0.001ms NR=9.551ms DLSS SR=2.645ms FG=2.888ms cleanup=0.001ms total=15.083ms; skips neural=8961 proxy=0; async coalesced=0 timeouts=0
00:48:06:124 [361928] | INFO  | [Standalone DLSS-NR + SR 2.0.5-explicit-pacing-prototype] performance guides: GPU VORT=0.000ms feed/masks=0.000ms total=0.000ms samples=0 available=0; CPU record VORT=0.000ms feed=0.000ms flush=0.000ms
00:48:06:124 [361928] | INFO  | [Standalone DLSS-NR + SR 2.0.5-explicit-pacing-prototype] performance proxy: GPU generated=0.107ms real=0.137ms pair=24.325ms samples=2609 available=1; CPU mailbox=17.097ms fence_wait=0.000ms swap_wait=0.000ms pacing_wait=8.663ms Present=0.189ms worker=9.274ms peak=37.223ms; output interval current=9.035ms avg=13.420ms peak=693.835ms generated->real=8.966ms real->generated=18.955ms target=120Hz late=4401; requests=4442 completed=4440 coalesced=0 timeouts=0 display_backpressure=0; neural deferrals presenter=0 GPU=8961
00:48:06:124 [361928] | INFO  | [Standalone DLSS-NR + SR 2.0.5-explicit-pacing-prototype] presentation compatibility: host=detached window_virtualization=inactive logical_client=disabled input_coordinates=native-client render=2560x1440 output=3840x2160 resolution_intents=0 WM_SIZE=0 client_queries=0 coordinate_APIs=0 mouse_messages=0 cursor_queries=0 cursor_warps=0 cursor_clips=0 resize_pins=0
00:48:06:574 [361928] | INFO  | [Standalone DLSS-NR + SR 2.0.5-explicit-pacing-prototype] D3D11 capture skipped: all shared input slots are occupied (skip=9000)
00:48:11:125 [361928] | INFO  | [Standalone DLSS-NR + SR 2.0.5-explicit-pacing-prototype] performance telemetry: source=194 fps avg=5.318ms p99=9.115ms max=9.228ms; proxy=76 fps; addon CPU current=0.838ms avg=0.217ms peak=2370.613ms; GPU prep=0.001ms NR=10.023ms DLSS SR=2.135ms FG=2.687ms cleanup=0.001ms total=14.847ms; skips neural=9416 proxy=0; async coalesced=0 timeouts=0
00:48:11:126 [361928] | INFO  | [Standalone DLSS-NR + SR 2.0.5-explicit-pacing-prototype] performance guides: GPU VORT=0.000ms feed/masks=0.000ms total=0.000ms samples=0 available=0; CPU record VORT=0.000ms feed=0.000ms flush=0.000ms
00:48:11:126 [361928] | INFO  | [Standalone DLSS-NR + SR 2.0.5-explicit-pacing-prototype] performance proxy: GPU generated=0.269ms real=0.339ms pair=24.856ms samples=2696 available=1; CPU mailbox=21.822ms fence_wait=0.000ms swap_wait=0.000ms pacing_wait=8.620ms Present=0.162ms worker=9.149ms peak=50.572ms; output interval current=19.731ms avg=13.760ms peak=756.891ms generated->real=8.877ms real->generated=17.826ms target=120Hz late=4537; requests=4592 completed=4590 coalesced=0 timeouts=0 display_backpressure=0; neural deferrals presenter=0 GPU=9416
00:48:11:126 [361928] | INFO  | [Standalone DLSS-NR + SR 2.0.5-explicit-pacing-prototype] presentation compatibility: host=detached window_virtualization=inactive logical_client=disabled input_coordinates=native-client render=2560x1440 output=3840x2160 resolution_intents=0 WM_SIZE=0 client_queries=0 coordinate_APIs=0 mouse_messages=0 cursor_queries=0 cursor_warps=0 cursor_clips=0 resize_pins=0
00:48:12:368 [361928] | INFO  | [Standalone DLSS-NR + SR 2.0.5-explicit-pacing-prototype] D3D11 capture skipped: all shared input slots are occupied (skip=9600)
00:48:14:208 [360216] | INFO  | Redirecting IDXGISwapChain::SetFullscreenState(this = 0000000191115A70, Fullscreen = FALSE, pTarget = 0000000000000000) ...
00:48:14:209 [360216] | INFO  | Destroyed runtime environment on runtime 00000001909950A0 ('C:\Program Files (x86)\Steam\steamapps\common\Batman Arkham Knight\Binaries\Win64\ReShade.ini').
00:48:14:578 [360216] | INFO  | [Standalone DLSS-NR + SR 2.0.5-explicit-pacing-prototype] startup recovery marker cleared: clean process shutdown
